// Jest Snapshot v1, https://goo.gl/fbAQLP

exports[`cli collect: default --no-output: cli collect: default 1`] = `
"{
  \\"json\\": \\"{\\\\n  \\\\\\"admin\\\\\\": {\\\\n    \\\\\\"users\\\\\\": {\\\\n      \\\\\\"[id]\\\\\\": {\\\\n        \\\\\\"index\\\\\\": \\\\\\"/admin/users/[id]\\\\\\"\\\\n      },\\\\n      \\\\\\"assets\\\\\\": {\\\\n        \\\\\\"index\\\\\\": \\\\\\"/admin/users/assets\\\\\\",\\\\n        \\\\\\"photos\\\\\\": {\\\\n          \\\\\\"[id]\\\\\\": {\\\\n            \\\\\\"index\\\\\\": \\\\\\"/admin/users/assets/photos/[id]\\\\\\"\\\\n          },\\\\n          \\\\\\"__dir\\\\\\": \\\\\\"/admin/users/assets/photos\\\\\\"\\\\n        },\\\\n        \\\\\\"posts\\\\\\": {\\\\n          \\\\\\"youtube\\\\\\": {\\\\n            \\\\\\"[id]\\\\\\": \\\\\\"/admin/users/assets/posts/youtube/[id]\\\\\\",\\\\n            \\\\\\"[slug]\\\\\\": \\\\\\"/admin/users/assets/posts/youtube/[slug]\\\\\\",\\\\n            \\\\\\"__dir\\\\\\": \\\\\\"/admin/users/assets/posts/youtube\\\\\\"\\\\n          },\\\\n          \\\\\\"__dir\\\\\\": \\\\\\"/admin/users/assets/posts\\\\\\"\\\\n        }\\\\n      },\\\\n      \\\\\\"__dir\\\\\\": \\\\\\"/admin/users\\\\\\"\\\\n    },\\\\n    \\\\\\"__dir\\\\\\": \\\\\\"/admin\\\\\\"\\\\n  },\\\\n  \\\\\\"index\\\\\\": \\\\\\"/\\\\\\",\\\\n  \\\\\\"me\\\\\\": \\\\\\"/me\\\\\\",\\\\n  \\\\\\"signIn\\\\\\": \\\\\\"/signIn\\\\\\",\\\\n  \\\\\\"signUp\\\\\\": \\\\\\"/signUp\\\\\\"\\\\n}\\",
  \\"route\\": \\"export { default as AppRoutes } from './routes.json';\\\\n/**\\\\n * build a complete path with injected arguments\\\\n * @param path {string} based path\\\\n * @param args {string[]} arguments to inject\\\\n */\\\\nexport function route(path: string, ...args: string[]): string {\\\\n  const params = path.match(/\\\\\\\\[[a-zA-Z_-]+\\\\\\\\]/g) ?? [];\\\\n  for (const i in params) {\\\\n    path = path.replace(params[i], args[i]);\\\\n  }\\\\n  return path;\\\\n}\\\\n\\\\n\\"
}"
`;
